
> kickoff@0.5.2 test
> vitest run tests/dom/momentsPermission.test.tsx


 RUN  v4.1.11 /private/tmp/kickoff-pr138-pass2/final-regression/source

 ❯ |dom| tests/dom/momentsPermission.test.tsx (24 tests | 6 failed) 4029ms
   × expiry at next clock tick parks playing and blocks Play, Retry and Replay 244ms
   × expiry at next clock tick parks blocked and blocks Play, Retry and Replay 222ms
   × expiry at next clock tick parks ended and blocks Play, Retry and Replay 206ms
   × expiry at next clock tick parks loading and blocks Play, Retry and Replay 154ms
   × a stage lapse hands focus from [data-player-return] to the visible Cinema control 144ms
   × a stage lapse hands focus from iframe to the visible Cinema control 209ms

 Test Files  1 failed (1)
      Tests  6 failed | 18 passed (24)
   Start at  10:12:31
   Duration  7.45s (transform 1.00s, setup 287ms, import 1.35s, tests 4.03s, environment 1.55s)


⎯⎯⎯⎯⎯⎯⎯ Failed Tests 6 ⎯⎯⎯⎯⎯⎯⎯

 FAIL  |dom| tests/dom/momentsPermission.test.tsx > expiry at next clock tick parks playing and blocks Play, Retry and Replay
AssertionError: expected { status: 'playing', …(3) } to match object { Object (status, position, ...) }
(1 matching property omitted from actual)

- Expected
+ Received

  {
-   "attempt": 2,
+   "attempt": 1,
    "position": 12,
-   "status": "paused",
+   "status": "playing",
  }

 ❯ tests/dom/momentsPermission.test.tsx:86:45
     84|   tick(60_050)
     85|   expect(player.reads.retires).toBe(1)
     86|   expect(session.queue.media[permitted.id]).toMatchObject({
       |                                             ^
     87|     status: status === 'playing' || status === 'loading' ? 'paused' : …
     88|     position: beforeLapse.media[permitted.id]!.position,

⎯⎯⎯⎯⎯⎯⎯⎯⎯⎯⎯⎯⎯⎯⎯⎯⎯⎯⎯⎯⎯⎯⎯⎯[1/6]⎯

 FAIL  |dom| tests/dom/momentsPermission.test.tsx > expiry at next clock tick parks blocked and blocks Play, Retry and Replay
AssertionError: expected { status: 'blocked', …(5) } to match object { status: 'blocked', …(2) }
(5 matching properties omitted from actual)

- Expected
+ Received

  {
-   "attempt": 2,
+   "attempt": 1,
    "position": 0,
    "status": "blocked",
  }

 ❯ tests/dom/momentsPermission.test.tsx:86:45
     84|   tick(60_050)
     85|   expect(player.reads.retires).toBe(1)
     86|   expect(session.queue.media[permitted.id]).toMatchObject({
       |                                             ^
     87|     status: status === 'playing' || status === 'loading' ? 'paused' : …
     88|     position: beforeLapse.media[permitted.id]!.position,

⎯⎯⎯⎯⎯⎯⎯⎯⎯⎯⎯⎯⎯⎯⎯⎯⎯⎯⎯⎯⎯⎯⎯⎯[2/6]⎯

 FAIL  |dom| tests/dom/momentsPermission.test.tsx > expiry at next clock tick parks ended and blocks Play, Retry and Replay
AssertionError: expected { status: 'ended', position: 12, …(2) } to match object { status: 'ended', position: 12, …(1) }
(1 matching property omitted from actual)

- Expected
+ Received

  {
-   "attempt": 2,
+   "attempt": 1,
    "position": 12,
    "status": "ended",
  }

 ❯ tests/dom/momentsPermission.test.tsx:86:45
     84|   tick(60_050)
     85|   expect(player.reads.retires).toBe(1)
     86|   expect(session.queue.media[permitted.id]).toMatchObject({
       |                                             ^
     87|     status: status === 'playing' || status === 'loading' ? 'paused' : …
     88|     position: beforeLapse.media[permitted.id]!.position,

⎯⎯⎯⎯⎯⎯⎯⎯⎯⎯⎯⎯⎯⎯⎯⎯⎯⎯⎯⎯⎯⎯⎯⎯[3/6]⎯

 FAIL  |dom| tests/dom/momentsPermission.test.tsx > expiry at next clock tick parks loading and blocks Play, Retry and Replay
AssertionError: expected { status: 'loading', …(3) } to match object { Object (status, position, ...) }
(1 matching property omitted from actual)

- Expected
+ Received

  {
-   "attempt": 2,
+   "attempt": 1,
    "position": 0,
-   "status": "paused",
+   "status": "loading",
  }

 ❯ tests/dom/momentsPermission.test.tsx:86:45
     84|   tick(60_050)
     85|   expect(player.reads.retires).toBe(1)
     86|   expect(session.queue.media[permitted.id]).toMatchObject({
       |                                             ^
     87|     status: status === 'playing' || status === 'loading' ? 'paused' : …
     88|     position: beforeLapse.media[permitted.id]!.position,

⎯⎯⎯⎯⎯⎯⎯⎯⎯⎯⎯⎯⎯⎯⎯⎯⎯⎯⎯⎯⎯⎯⎯⎯[4/6]⎯

 FAIL  |dom| tests/dom/momentsPermission.test.tsx > a stage lapse hands focus from [data-player-return] to the visible Cinema control
 FAIL  |dom| tests/dom/momentsPermission.test.tsx > a stage lapse hands focus from iframe to the visible Cinema control
AssertionError: expected { status: 'playing', …(3) } to match object { Object (status, position, ...) }
(1 matching property omitted from actual)

- Expected
+ Received

  {
-   "attempt": 2,
+   "attempt": 1,
    "position": 12,
-   "status": "paused",
+   "status": "playing",
  }

 ❯ tests/dom/momentsPermission.test.tsx:118:45
    116|   expect(control.closest('[inert], [hidden], [aria-hidden="true"]')).t…
    117|   expect(player.reads.retires).toBe(1)
    118|   expect(session.queue.media[permitted.id]).toMatchObject({ status: 'p…
       |                                             ^
    119| })
    120| it('a stage lapse leaves focus outside the host alone', () => {

⎯⎯⎯⎯⎯⎯⎯⎯⎯⎯⎯⎯⎯⎯⎯⎯⎯⎯⎯⎯⎯⎯⎯⎯[5/6]⎯

